// Jest Snapshot v1, https://goo.gl/fbAQLP

exports[`[4] Matches screenshot from 3.1.2023 1`] = `
<div
  className="MuiPaper-root MuiPaper-elevation MuiPaper-rounded MuiPaper-elevation1 MuiCard-root sc-beySbM lajeib css-bhp9pd-MuiPaper-root-MuiCard-root"
  data-testid="results-display-section"
>
  <div
    className="MuiCardContent-root css-46bh2p-MuiCardContent-root"
  >
    <h2
      data-testid="results-h2"
    >
      Results
    </h2>
    <div>
      <p
        className="MuiTypography-root MuiTypography-body1 css-ahj2mt-MuiTypography-root"
        data-testid="results-attacker-occupies"
      >
        Attacker Occupies: 
        50.0
        %
      </p>
      <p
        className="MuiTypography-root MuiTypography-body1 css-ahj2mt-MuiTypography-root"
        data-testid="results-avg-attackers-left"
      >
        Average Attackers Left: 
        16.0
      </p>
    </div>
    <div>
      <p
        className="MuiTypography-root MuiTypography-body1 css-ahj2mt-MuiTypography-root"
        data-testid="results-defenderholds"
      >
        Defender Holds: 
        50.0
        %
      </p>
      <p
        className="MuiTypography-root MuiTypography-body1 css-ahj2mt-MuiTypography-root"
        data-testid="results-avg-defenders-left"
      >
        Average Defenders Left: 
        8.0
      </p>
    </div>
  </div>
</div>
`;
